2025-08-22 15:26:44,674 - Test Run: 5
2025-08-22 15:26:44,674 - Failures: 0
2025-08-22 15:26:44,674 - ERRORS: 0
